// Jest Snapshot v1, https://goo.gl/fbAQLP

exports[`Render correct carousel structure 1`] = `
Array [
  <div
    className="swiper-container"
    style={
      Object {
        "paddingBottom": "20px",
        "paddingTop": "20px",
      }
    }
  >
    <div
      className="swiper-wrapper"
    >
      <div
        className="swiper-slide"
        style={
          Object {
            "width": "80%",
          }
        }
      >
        <div
          className="MuiPaper-root MuiCard-root MuiPaper-elevation8 MuiPaper-rounded"
        >
          <button
            className="MuiButtonBase-root MuiCardActionArea-root"
            disabled={false}
            onBlur={[Function]}
            onClick={[Function]}
            onDragLeave={[Function]}
            onFocus={[Function]}
            onKeyDown={[Function]}
            onKeyUp={[Function]}
            onMouseDown={[Function]}
            onMouseLeave={[Function]}
            onMouseUp={[Function]}
            onTouchEnd={[Function]}
            onTouchMove={[Function]}
            onTouchStart={[Function]}
            tabIndex={0}
            type="button"
          >
            <img
              className="MuiCardMedia-root makeStyles-media-1 MuiCardMedia-media MuiCardMedia-img"
              onError={[Function]}
              src="https://live.staticflickr.com/65535/50205609033_bffac90b1c_b.jpg"
              title="Golden hour"
            />
            <div
              className="MuiCardContent-root"
            >
              <h2
                className="MuiTypography-root makeStyles-textEllipsis-2 MuiTypography-h5 MuiTypography-gutterBottom"
                title="Golden hour"
              >
                Golden hour
              </h2>
              <p
                className="MuiTypography-root makeStyles-textEllipsis-2 MuiTypography-body2 MuiTypography-colorTextSecondary"
              >
                Posted by 
                <a
                  className="MuiTypography-root MuiLink-root MuiLink-underlineHover MuiTypography-colorPrimary"
                  href="https://www.flickr.com/people/gio_vincenti/"
                  onBlur={[Function]}
                  onFocus={[Function]}
                  target="blank"
                >
                  Giovanni Vincenti
                </a>
                 at
                2020-08-09T13:48:19Z
              </p>
              <p
                className="MuiTypography-root makeStyles-textEllipsis-2 MuiTypography-body2 MuiTypography-colorTextSecondary"
                title=""
              >
                Categories: 
                <i>
                  Uncategorized
                </i>
              </p>
            </div>
            <span
              className="MuiCardActionArea-focusHighlight"
            />
          </button>
          <div
            className="MuiCardActions-root MuiCardActions-spacing"
          >
            <button
              className="MuiButtonBase-root MuiButton-root MuiButton-text MuiButton-textPrimary MuiButton-textSizeSmall MuiButton-sizeSmall"
              disabled={false}
              onBlur={[Function]}
              onDragLeave={[Function]}
              onFocus={[Function]}
              onKeyDown={[Function]}
              onKeyUp={[Function]}
              onMouseDown={[Function]}
              onMouseLeave={[Function]}
              onMouseUp={[Function]}
              onTouchEnd={[Function]}
              onTouchMove={[Function]}
              onTouchStart={[Function]}
              tabIndex={0}
              type="button"
            >
              <span
                className="MuiButton-label"
              >
                Share
              </span>
            </button>
            <a
              aria-disabled={false}
              className="MuiButtonBase-root MuiButton-root MuiButton-text MuiButton-textPrimary MuiButton-textSizeSmall MuiButton-sizeSmall"
              href="https://www.flickr.com/photos/gio_vincenti/50205609033/"
              onBlur={[Function]}
              onDragLeave={[Function]}
              onFocus={[Function]}
              onKeyDown={[Function]}
              onKeyUp={[Function]}
              onMouseDown={[Function]}
              onMouseLeave={[Function]}
              onMouseUp={[Function]}
              onTouchEnd={[Function]}
              onTouchMove={[Function]}
              onTouchStart={[Function]}
              tabIndex={0}
              target="blank"
            >
              <span
                className="MuiButton-label"
              >
                Open in Flickr
              </span>
            </a>
          </div>
        </div>
      </div>
      <div
        className="swiper-slide"
        style={
          Object {
            "width": "80%",
          }
        }
      >
        <div
          className="MuiPaper-root MuiCard-root MuiPaper-elevation8 MuiPaper-rounded"
        >
          <button
            className="MuiButtonBase-root MuiCardActionArea-root"
            disabled={false}
            onBlur={[Function]}
            onClick={[Function]}
            onDragLeave={[Function]}
            onFocus={[Function]}
            onKeyDown={[Function]}
            onKeyUp={[Function]}
            onMouseDown={[Function]}
            onMouseLeave={[Function]}
            onMouseUp={[Function]}
            onTouchEnd={[Function]}
            onTouchMove={[Function]}
            onTouchStart={[Function]}
            tabIndex={0}
            type="button"
          >
            <img
              className="MuiCardMedia-root makeStyles-media-1 MuiCardMedia-media MuiCardMedia-img"
              onError={[Function]}
              src="https://live.staticflickr.com/65535/50205609328_e1a0a0cce4_z.jpg"
              title="SaiUI65GDY"
            />
            <div
              className="MuiCardContent-root"
            >
              <h2
                className="MuiTypography-root makeStyles-textEllipsis-2 MuiTypography-h5 MuiTypography-gutterBottom"
                title="SaiUI65GDY"
              >
                SaiUI65GDY
              </h2>
              <p
                className="MuiTypography-root makeStyles-textEllipsis-2 MuiTypography-body2 MuiTypography-colorTextSecondary"
              >
                Posted by 
                <a
                  className="MuiTypography-root MuiLink-root MuiLink-underlineHover MuiTypography-colorPrimary"
                  href="https://www.flickr.com/people/182482656@N07/"
                  onBlur={[Function]}
                  onFocus={[Function]}
                  target="blank"
                >
                  Lyra Harmony
                </a>
                 at
                2020-08-09T13:48:26Z
              </p>
              <p
                className="MuiTypography-root makeStyles-textEllipsis-2 MuiTypography-body2 MuiTypography-colorTextSecondary"
                title=""
              >
                Categories: 
                <i>
                  Uncategorized
                </i>
              </p>
            </div>
            <span
              className="MuiCardActionArea-focusHighlight"
            />
          </button>
          <div
            className="MuiCardActions-root MuiCardActions-spacing"
          >
            <button
              className="MuiButtonBase-root MuiButton-root MuiButton-text MuiButton-textPrimary MuiButton-textSizeSmall MuiButton-sizeSmall"
              disabled={false}
              onBlur={[Function]}
              onDragLeave={[Function]}
              onFocus={[Function]}
              onKeyDown={[Function]}
              onKeyUp={[Function]}
              onMouseDown={[Function]}
              onMouseLeave={[Function]}
              onMouseUp={[Function]}
              onTouchEnd={[Function]}
              onTouchMove={[Function]}
              onTouchStart={[Function]}
              tabIndex={0}
              type="button"
            >
              <span
                className="MuiButton-label"
              >
                Share
              </span>
            </button>
            <a
              aria-disabled={false}
              className="MuiButtonBase-root MuiButton-root MuiButton-text MuiButton-textPrimary MuiButton-textSizeSmall MuiButton-sizeSmall"
              href="https://www.flickr.com/photos/182482656@N07/50205609328/"
              onBlur={[Function]}
              onDragLeave={[Function]}
              onFocus={[Function]}
              onKeyDown={[Function]}
              onKeyUp={[Function]}
              onMouseDown={[Function]}
              onMouseLeave={[Function]}
              onMouseUp={[Function]}
              onTouchEnd={[Function]}
              onTouchMove={[Function]}
              onTouchStart={[Function]}
              tabIndex={0}
              target="blank"
            >
              <span
                className="MuiButton-label"
              >
                Open in Flickr
              </span>
            </a>
          </div>
        </div>
      </div>
      <div
        className="swiper-slide"
        style={
          Object {
            "width": "80%",
          }
        }
      >
        <div
          className="MuiPaper-root MuiCard-root MuiPaper-elevation8 MuiPaper-rounded"
        >
          <button
            className="MuiButtonBase-root MuiCardActionArea-root"
            disabled={false}
            onBlur={[Function]}
            onClick={[Function]}
            onDragLeave={[Function]}
            onFocus={[Function]}
            onKeyDown={[Function]}
            onKeyUp={[Function]}
            onMouseDown={[Function]}
            onMouseLeave={[Function]}
            onMouseUp={[Function]}
            onTouchEnd={[Function]}
            onTouchMove={[Function]}
            onTouchStart={[Function]}
            tabIndex={0}
            type="button"
          >
            <img
              className="MuiCardMedia-root makeStyles-media-1 MuiCardMedia-media MuiCardMedia-img"
              onError={[Function]}
              src="https://live.staticflickr.com/65535/50205609423_82d8567eb0_b.jpg"
              title="Archie At Riverdale page 35"
            />
            <div
              className="MuiCardContent-root"
            >
              <h2
                className="MuiTypography-root makeStyles-textEllipsis-2 MuiTypography-h5 MuiTypography-gutterBottom"
                title="Archie At Riverdale page 35"
              >
                Archie At Riverdale page 35
              </h2>
              <p
                className="MuiTypography-root makeStyles-textEllipsis-2 MuiTypography-body2 MuiTypography-colorTextSecondary"
              >
                Posted by 
                <a
                  className="MuiTypography-root MuiLink-root MuiLink-underlineHover MuiTypography-colorPrimary"
                  href="https://www.flickr.com/people/8729032@N06/"
                  onBlur={[Function]}
                  onFocus={[Function]}
                  target="blank"
                >
                  zigwaffle
                </a>
                 at
                2020-08-09T13:48:28Z
              </p>
              <p
                className="MuiTypography-root makeStyles-textEllipsis-2 MuiTypography-body2 MuiTypography-colorTextSecondary"
                title=""
              >
                Categories: 
                <i>
                  Uncategorized
                </i>
              </p>
            </div>
            <span
              className="MuiCardActionArea-focusHighlight"
            />
          </button>
          <div
            className="MuiCardActions-root MuiCardActions-spacing"
          >
            <button
              className="MuiButtonBase-root MuiButton-root MuiButton-text MuiButton-textPrimary MuiButton-textSizeSmall MuiButton-sizeSmall"
              disabled={false}
              onBlur={[Function]}
              onDragLeave={[Function]}
              onFocus={[Function]}
              onKeyDown={[Function]}
              onKeyUp={[Function]}
              onMouseDown={[Function]}
              onMouseLeave={[Function]}
              onMouseUp={[Function]}
              onTouchEnd={[Function]}
              onTouchMove={[Function]}
              onTouchStart={[Function]}
              tabIndex={0}
              type="button"
            >
              <span
                className="MuiButton-label"
              >
                Share
              </span>
            </button>
            <a
              aria-disabled={false}
              className="MuiButtonBase-root MuiButton-root MuiButton-text MuiButton-textPrimary MuiButton-textSizeSmall MuiButton-sizeSmall"
              href="https://www.flickr.com/photos/8729032@N06/50205609423/"
              onBlur={[Function]}
              onDragLeave={[Function]}
              onFocus={[Function]}
              onKeyDown={[Function]}
              onKeyUp={[Function]}
              onMouseDown={[Function]}
              onMouseLeave={[Function]}
              onMouseUp={[Function]}
              onTouchEnd={[Function]}
              onTouchMove={[Function]}
              onTouchStart={[Function]}
              tabIndex={0}
              target="blank"
            >
              <span
                className="MuiButton-label"
              >
                Open in Flickr
              </span>
            </a>
          </div>
        </div>
      </div>
      <div
        className="swiper-slide"
        style={
          Object {
            "width": "80%",
          }
        }
      >
        <div
          className="MuiPaper-root MuiCard-root MuiPaper-elevation8 MuiPaper-rounded"
        >
          <button
            className="MuiButtonBase-root MuiCardActionArea-root"
            disabled={false}
            onBlur={[Function]}
            onClick={[Function]}
            onDragLeave={[Function]}
            onFocus={[Function]}
            onKeyDown={[Function]}
            onKeyUp={[Function]}
            onMouseDown={[Function]}
            onMouseLeave={[Function]}
            onMouseUp={[Function]}
            onTouchEnd={[Function]}
            onTouchMove={[Function]}
            onTouchStart={[Function]}
            tabIndex={0}
            type="button"
          >
            <img
              className="MuiCardMedia-root makeStyles-media-1 MuiCardMedia-media MuiCardMedia-img"
              onError={[Function]}
              src="https://live.staticflickr.com/65535/50205609578_77bd789f22_b.jpg"
              title="Burg Eltz"
            />
            <div
              className="MuiCardContent-root"
            >
              <h2
                className="MuiTypography-root makeStyles-textEllipsis-2 MuiTypography-h5 MuiTypography-gutterBottom"
                title="Burg Eltz"
              >
                Burg Eltz
              </h2>
              <p
                className="MuiTypography-root makeStyles-textEllipsis-2 MuiTypography-body2 MuiTypography-colorTextSecondary"
              >
                Posted by 
                <a
                  className="MuiTypography-root MuiLink-root MuiLink-underlineHover MuiTypography-colorPrimary"
                  href="https://www.flickr.com/people/130469238@N08/"
                  onBlur={[Function]}
                  onFocus={[Function]}
                  target="blank"
                >
                  LE.xposure
                </a>
                 at
                2020-08-09T13:48:31Z
              </p>
              <p
                className="MuiTypography-root makeStyles-textEllipsis-2 MuiTypography-body2 MuiTypography-colorTextSecondary"
                title="rheinlandpfalz, burgeltz, eifel, deutschland, rp, wierschem"
              >
                Categories: 
                rheinlandpfalz, burgeltz, eifel, deutschland, rp, wierschem
              </p>
            </div>
            <span
              className="MuiCardActionArea-focusHighlight"
            />
          </button>
          <div
            className="MuiCardActions-root MuiCardActions-spacing"
          >
            <button
              className="MuiButtonBase-root MuiButton-root MuiButton-text MuiButton-textPrimary MuiButton-textSizeSmall MuiButton-sizeSmall"
              disabled={false}
              onBlur={[Function]}
              onDragLeave={[Function]}
              onFocus={[Function]}
              onKeyDown={[Function]}
              onKeyUp={[Function]}
              onMouseDown={[Function]}
              onMouseLeave={[Function]}
              onMouseUp={[Function]}
              onTouchEnd={[Function]}
              onTouchMove={[Function]}
              onTouchStart={[Function]}
              tabIndex={0}
              type="button"
            >
              <span
                className="MuiButton-label"
              >
                Share
              </span>
            </button>
            <a
              aria-disabled={false}
              className="MuiButtonBase-root MuiButton-root MuiButton-text MuiButton-textPrimary MuiButton-textSizeSmall MuiButton-sizeSmall"
              href="https://www.flickr.com/photos/130469238@N08/50205609578/"
              onBlur={[Function]}
              onDragLeave={[Function]}
              onFocus={[Function]}
              onKeyDown={[Function]}
              onKeyUp={[Function]}
              onMouseDown={[Function]}
              onMouseLeave={[Function]}
              onMouseUp={[Function]}
              onTouchEnd={[Function]}
              onTouchMove={[Function]}
              onTouchStart={[Function]}
              tabIndex={0}
              target="blank"
            >
              <span
                className="MuiButton-label"
              >
                Open in Flickr
              </span>
            </a>
          </div>
        </div>
      </div>
      <div
        className="swiper-slide"
        style={
          Object {
            "width": "80%",
          }
        }
      >
        <div
          className="MuiPaper-root MuiCard-root MuiPaper-elevation8 MuiPaper-rounded"
        >
          <button
            className="MuiButtonBase-root MuiCardActionArea-root"
            disabled={false}
            onBlur={[Function]}
            onClick={[Function]}
            onDragLeave={[Function]}
            onFocus={[Function]}
            onKeyDown={[Function]}
            onKeyUp={[Function]}
            onMouseDown={[Function]}
            onMouseLeave={[Function]}
            onMouseUp={[Function]}
            onTouchEnd={[Function]}
            onTouchMove={[Function]}
            onTouchStart={[Function]}
            tabIndex={0}
            type="button"
          >
            <img
              className="MuiCardMedia-root makeStyles-media-1 MuiCardMedia-media MuiCardMedia-img"
              onError={[Function]}
              src="https://live.staticflickr.com/65535/50205610243_34652c800a_b.jpg"
              title="Drone park opposite golf course in the fog"
            />
            <div
              className="MuiCardContent-root"
            >
              <h2
                className="MuiTypography-root makeStyles-textEllipsis-2 MuiTypography-h5 MuiTypography-gutterBottom"
                title="Drone park opposite golf course in the fog"
              >
                Drone park opposite golf course in the fog
              </h2>
              <p
                className="MuiTypography-root makeStyles-textEllipsis-2 MuiTypography-body2 MuiTypography-colorTextSecondary"
              >
                Posted by 
                <a
                  className="MuiTypography-root MuiLink-root MuiLink-underlineHover MuiTypography-colorPrimary"
                  href="https://www.flickr.com/people/aljones15/"
                  onBlur={[Function]}
                  onFocus={[Function]}
                  target="blank"
                >
                  aljones15
                </a>
                 at
                2020-08-09T13:48:43Z
              </p>
              <p
                className="MuiTypography-root makeStyles-textEllipsis-2 MuiTypography-body2 MuiTypography-colorTextSecondary"
                title=""
              >
                Categories: 
                <i>
                  Uncategorized
                </i>
              </p>
            </div>
            <span
              className="MuiCardActionArea-focusHighlight"
            />
          </button>
          <div
            className="MuiCardActions-root MuiCardActions-spacing"
          >
            <button
              className="MuiButtonBase-root MuiButton-root MuiButton-text MuiButton-textPrimary MuiButton-textSizeSmall MuiButton-sizeSmall"
              disabled={false}
              onBlur={[Function]}
              onDragLeave={[Function]}
              onFocus={[Function]}
              onKeyDown={[Function]}
              onKeyUp={[Function]}
              onMouseDown={[Function]}
              onMouseLeave={[Function]}
              onMouseUp={[Function]}
              onTouchEnd={[Function]}
              onTouchMove={[Function]}
              onTouchStart={[Function]}
              tabIndex={0}
              type="button"
            >
              <span
                className="MuiButton-label"
              >
                Share
              </span>
            </button>
            <a
              aria-disabled={false}
              className="MuiButtonBase-root MuiButton-root MuiButton-text MuiButton-textPrimary MuiButton-textSizeSmall MuiButton-sizeSmall"
              href="https://www.flickr.com/photos/aljones15/50205610243/"
              onBlur={[Function]}
              onDragLeave={[Function]}
              onFocus={[Function]}
              onKeyDown={[Function]}
              onKeyUp={[Function]}
              onMouseDown={[Function]}
              onMouseLeave={[Function]}
              onMouseUp={[Function]}
              onTouchEnd={[Function]}
              onTouchMove={[Function]}
              onTouchStart={[Function]}
              tabIndex={0}
              target="blank"
            >
              <span
                className="MuiButton-label"
              >
                Open in Flickr
              </span>
            </a>
          </div>
        </div>
      </div>
      <div
        className="swiper-slide"
        style={
          Object {
            "width": "80%",
          }
        }
      >
        <div
          className="MuiPaper-root MuiCard-root MuiPaper-elevation8 MuiPaper-rounded"
        >
          <button
            className="MuiButtonBase-root MuiCardActionArea-root"
            disabled={false}
            onBlur={[Function]}
            onClick={[Function]}
            onDragLeave={[Function]}
            onFocus={[Function]}
            onKeyDown={[Function]}
            onKeyUp={[Function]}
            onMouseDown={[Function]}
            onMouseLeave={[Function]}
            onMouseUp={[Function]}
            onTouchEnd={[Function]}
            onTouchMove={[Function]}
            onTouchStart={[Function]}
            tabIndex={0}
            type="button"
          >
            <img
              className="MuiCardMedia-root makeStyles-media-1 MuiCardMedia-media MuiCardMedia-img"
              onError={[Function]}
              src="https://live.staticflickr.com/65535/50205610888_1deaf79df2_b.jpg"
              title="San lorenzo"
            />
            <div
              className="MuiCardContent-root"
            >
              <h2
                className="MuiTypography-root makeStyles-textEllipsis-2 MuiTypography-h5 MuiTypography-gutterBottom"
                title="San lorenzo"
              >
                San lorenzo
              </h2>
              <p
                className="MuiTypography-root makeStyles-textEllipsis-2 MuiTypography-body2 MuiTypography-colorTextSecondary"
              >
                Posted by 
                <a
                  className="MuiTypography-root MuiLink-root MuiLink-underlineHover MuiTypography-colorPrimary"
                  href="https://www.flickr.com/people/xaboeskalza/"
                  onBlur={[Function]}
                  onFocus={[Function]}
                  target="blank"
                >
                  xaboeskal
                </a>
                 at
                2020-08-09T13:48:55Z
              </p>
              <p
                className="MuiTypography-root makeStyles-textEllipsis-2 MuiTypography-body2 MuiTypography-colorTextSecondary"
                title=""
              >
                Categories: 
                <i>
                  Uncategorized
                </i>
              </p>
            </div>
            <span
              className="MuiCardActionArea-focusHighlight"
            />
          </button>
          <div
            className="MuiCardActions-root MuiCardActions-spacing"
          >
            <button
              className="MuiButtonBase-root MuiButton-root MuiButton-text MuiButton-textPrimary MuiButton-textSizeSmall MuiButton-sizeSmall"
              disabled={false}
              onBlur={[Function]}
              onDragLeave={[Function]}
              onFocus={[Function]}
              onKeyDown={[Function]}
              onKeyUp={[Function]}
              onMouseDown={[Function]}
              onMouseLeave={[Function]}
              onMouseUp={[Function]}
              onTouchEnd={[Function]}
              onTouchMove={[Function]}
              onTouchStart={[Function]}
              tabIndex={0}
              type="button"
            >
              <span
                className="MuiButton-label"
              >
                Share
              </span>
            </button>
            <a
              aria-disabled={false}
              className="MuiButtonBase-root MuiButton-root MuiButton-text MuiButton-textPrimary MuiButton-textSizeSmall MuiButton-sizeSmall"
              href="https://www.flickr.com/photos/xaboeskalza/50205610888/"
              onBlur={[Function]}
              onDragLeave={[Function]}
              onFocus={[Function]}
              onKeyDown={[Function]}
              onKeyUp={[Function]}
              onMouseDown={[Function]}
              onMouseLeave={[Function]}
              onMouseUp={[Function]}
              onTouchEnd={[Function]}
              onTouchMove={[Function]}
              onTouchStart={[Function]}
              tabIndex={0}
              target="blank"
            >
              <span
                className="MuiButton-label"
              >
                Open in Flickr
              </span>
            </a>
          </div>
        </div>
      </div>
      <div
        className="swiper-slide"
        style={
          Object {
            "width": "80%",
          }
        }
      >
        <div
          className="MuiPaper-root MuiCard-root MuiPaper-elevation8 MuiPaper-rounded"
        >
          <button
            className="MuiButtonBase-root MuiCardActionArea-root"
            disabled={false}
            onBlur={[Function]}
            onClick={[Function]}
            onDragLeave={[Function]}
            onFocus={[Function]}
            onKeyDown={[Function]}
            onKeyUp={[Function]}
            onMouseDown={[Function]}
            onMouseLeave={[Function]}
            onMouseUp={[Function]}
            onTouchEnd={[Function]}
            onTouchMove={[Function]}
            onTouchStart={[Function]}
            tabIndex={0}
            type="button"
          >
            <img
              className="MuiCardMedia-root makeStyles-media-1 MuiCardMedia-media MuiCardMedia-img"
              onError={[Function]}
              src="https://live.staticflickr.com/65535/50206135826_5665342cbb_b.jpg"
              title="velkomstdag2020-7269"
            />
            <div
              className="MuiCardContent-root"
            >
              <h2
                className="MuiTypography-root makeStyles-textEllipsis-2 MuiTypography-h5 MuiTypography-gutterBottom"
                title="velkomstdag2020-7269"
              >
                velkomstdag2020-7269
              </h2>
              <p
                className="MuiTypography-root makeStyles-textEllipsis-2 MuiTypography-body2 MuiTypography-colorTextSecondary"
              >
                Posted by 
                <a
                  className="MuiTypography-root MuiLink-root MuiLink-underlineHover MuiTypography-colorPrimary"
                  href="https://www.flickr.com/people/ntnuime/"
                  onBlur={[Function]}
                  onFocus={[Function]}
                  target="blank"
                >
                  ntnuie
                </a>
                 at
                2020-08-09T13:48:16Z
              </p>
              <p
                className="MuiTypography-root makeStyles-textEllipsis-2 MuiTypography-body2 MuiTypography-colorTextSecondary"
                title="2020, velkomstdagforjenter, korona, ntnu"
              >
                Categories: 
                2020, velkomstdagforjenter, korona, ntnu
              </p>
            </div>
            <span
              className="MuiCardActionArea-focusHighlight"
            />
          </button>
          <div
            className="MuiCardActions-root MuiCardActions-spacing"
          >
            <button
              className="MuiButtonBase-root MuiButton-root MuiButton-text MuiButton-textPrimary MuiButton-textSizeSmall MuiButton-sizeSmall"
              disabled={false}
              onBlur={[Function]}
              onDragLeave={[Function]}
              onFocus={[Function]}
              onKeyDown={[Function]}
              onKeyUp={[Function]}
              onMouseDown={[Function]}
              onMouseLeave={[Function]}
              onMouseUp={[Function]}
              onTouchEnd={[Function]}
              onTouchMove={[Function]}
              onTouchStart={[Function]}
              tabIndex={0}
              type="button"
            >
              <span
                className="MuiButton-label"
              >
                Share
              </span>
            </button>
            <a
              aria-disabled={false}
              className="MuiButtonBase-root MuiButton-root MuiButton-text MuiButton-textPrimary MuiButton-textSizeSmall MuiButton-sizeSmall"
              href="https://www.flickr.com/photos/ntnuime/50206135826/"
              onBlur={[Function]}
              onDragLeave={[Function]}
              onFocus={[Function]}
              onKeyDown={[Function]}
              onKeyUp={[Function]}
              onMouseDown={[Function]}
              onMouseLeave={[Function]}
              onMouseUp={[Function]}
              onTouchEnd={[Function]}
              onTouchMove={[Function]}
              onTouchStart={[Function]}
              tabIndex={0}
              target="blank"
            >
              <span
                className="MuiButton-label"
              >
                Open in Flickr
              </span>
            </a>
          </div>
        </div>
      </div>
      <div
        className="swiper-slide"
        style={
          Object {
            "width": "80%",
          }
        }
      >
        <div
          className="MuiPaper-root MuiCard-root MuiPaper-elevation8 MuiPaper-rounded"
        >
          <button
            className="MuiButtonBase-root MuiCardActionArea-root"
            disabled={false}
            onBlur={[Function]}
            onClick={[Function]}
            onDragLeave={[Function]}
            onFocus={[Function]}
            onKeyDown={[Function]}
            onKeyUp={[Function]}
            onMouseDown={[Function]}
            onMouseLeave={[Function]}
            onMouseUp={[Function]}
            onTouchEnd={[Function]}
            onTouchMove={[Function]}
            onTouchStart={[Function]}
            tabIndex={0}
            type="button"
          >
            <img
              className="MuiCardMedia-root makeStyles-media-1 MuiCardMedia-media MuiCardMedia-img"
              onError={[Function]}
              src="https://live.staticflickr.com/65535/50206136661_911c338750_b.jpg"
              title="16x20 acrylic painting"
            />
            <div
              className="MuiCardContent-root"
            >
              <h2
                className="MuiTypography-root makeStyles-textEllipsis-2 MuiTypography-h5 MuiTypography-gutterBottom"
                title="16x20 acrylic painting"
              >
                16x20 acrylic painting
              </h2>
              <p
                className="MuiTypography-root makeStyles-textEllipsis-2 MuiTypography-body2 MuiTypography-colorTextSecondary"
              >
                Posted by 
                <a
                  className="MuiTypography-root MuiLink-root MuiLink-underlineHover MuiTypography-colorPrimary"
                  href="https://www.flickr.com/people/donna_coburn1/"
                  onBlur={[Function]}
                  onFocus={[Function]}
                  target="blank"
                >
                  donnacoburn1
                </a>
                 at
                2020-08-09T13:48:35Z
              </p>
              <p
                className="MuiTypography-root makeStyles-textEllipsis-2 MuiTypography-body2 MuiTypography-colorTextSecondary"
                title=""
              >
                Categories: 
                <i>
                  Uncategorized
                </i>
              </p>
            </div>
            <span
              className="MuiCardActionArea-focusHighlight"
            />
          </button>
          <div
            className="MuiCardActions-root MuiCardActions-spacing"
          >
            <button
              className="MuiButtonBase-root MuiButton-root MuiButton-text MuiButton-textPrimary MuiButton-textSizeSmall MuiButton-sizeSmall"
              disabled={false}
              onBlur={[Function]}
              onDragLeave={[Function]}
              onFocus={[Function]}
              onKeyDown={[Function]}
              onKeyUp={[Function]}
              onMouseDown={[Function]}
              onMouseLeave={[Function]}
              onMouseUp={[Function]}
              onTouchEnd={[Function]}
              onTouchMove={[Function]}
              onTouchStart={[Function]}
              tabIndex={0}
              type="button"
            >
              <span
                className="MuiButton-label"
              >
                Share
              </span>
            </button>
            <a
              aria-disabled={false}
              className="MuiButtonBase-root MuiButton-root MuiButton-text MuiButton-textPrimary MuiButton-textSizeSmall MuiButton-sizeSmall"
              href="https://www.flickr.com/photos/donna_coburn1/50206136661/"
              onBlur={[Function]}
              onDragLeave={[Function]}
              onFocus={[Function]}
              onKeyDown={[Function]}
              onKeyUp={[Function]}
              onMouseDown={[Function]}
              onMouseLeave={[Function]}
              onMouseUp={[Function]}
              onTouchEnd={[Function]}
              onTouchMove={[Function]}
              onTouchStart={[Function]}
              tabIndex={0}
              target="blank"
            >
              <span
                className="MuiButton-label"
              >
                Open in Flickr
              </span>
            </a>
          </div>
        </div>
      </div>
      <div
        className="swiper-slide"
        style={
          Object {
            "width": "80%",
          }
        }
      >
        <div
          className="MuiPaper-root MuiCard-root MuiPaper-elevation8 MuiPaper-rounded"
        >
          <button
            className="MuiButtonBase-root MuiCardActionArea-root"
            disabled={false}
            onBlur={[Function]}
            onClick={[Function]}
            onDragLeave={[Function]}
            onFocus={[Function]}
            onKeyDown={[Function]}
            onKeyUp={[Function]}
            onMouseDown={[Function]}
            onMouseLeave={[Function]}
            onMouseUp={[Function]}
            onTouchEnd={[Function]}
            onTouchMove={[Function]}
            onTouchStart={[Function]}
            tabIndex={0}
            type="button"
          >
            <img
              className="MuiCardMedia-root makeStyles-media-1 MuiCardMedia-media MuiCardMedia-img"
              onError={[Function]}
              src="https://live.staticflickr.com/65535/50206137516_38367ec0eb_b.jpg"
              title=" "
            />
            <div
              className="MuiCardContent-root"
            >
              <h2
                className="MuiTypography-root makeStyles-textEllipsis-2 MuiTypography-h5 MuiTypography-gutterBottom"
                title=" "
              >
                <i>
                  No title
                </i>
              </h2>
              <p
                className="MuiTypography-root makeStyles-textEllipsis-2 MuiTypography-body2 MuiTypography-colorTextSecondary"
              >
                Posted by 
                <a
                  className="MuiTypography-root MuiLink-root MuiLink-underlineHover MuiTypography-colorPrimary"
                  href="https://www.flickr.com/people/emilyjanegilbert/"
                  onBlur={[Function]}
                  onFocus={[Function]}
                  target="blank"
                >
                  emilyjanegilbert
                </a>
                 at
                2020-08-09T13:48:51Z
              </p>
              <p
                className="MuiTypography-root makeStyles-textEllipsis-2 MuiTypography-body2 MuiTypography-colorTextSecondary"
                title=""
              >
                Categories: 
                <i>
                  Uncategorized
                </i>
              </p>
            </div>
            <span
              className="MuiCardActionArea-focusHighlight"
            />
          </button>
          <div
            className="MuiCardActions-root MuiCardActions-spacing"
          >
            <button
              className="MuiButtonBase-root MuiButton-root MuiButton-text MuiButton-textPrimary MuiButton-textSizeSmall MuiButton-sizeSmall"
              disabled={false}
              onBlur={[Function]}
              onDragLeave={[Function]}
              onFocus={[Function]}
              onKeyDown={[Function]}
              onKeyUp={[Function]}
              onMouseDown={[Function]}
              onMouseLeave={[Function]}
              onMouseUp={[Function]}
              onTouchEnd={[Function]}
              onTouchMove={[Function]}
              onTouchStart={[Function]}
              tabIndex={0}
              type="button"
            >
              <span
                className="MuiButton-label"
              >
                Share
              </span>
            </button>
            <a
              aria-disabled={false}
              className="MuiButtonBase-root MuiButton-root MuiButton-text MuiButton-textPrimary MuiButton-textSizeSmall MuiButton-sizeSmall"
              href="https://www.flickr.com/photos/emilyjanegilbert/50206137516/"
              onBlur={[Function]}
              onDragLeave={[Function]}
              onFocus={[Function]}
              onKeyDown={[Function]}
              onKeyUp={[Function]}
              onMouseDown={[Function]}
              onMouseLeave={[Function]}
              onMouseUp={[Function]}
              onTouchEnd={[Function]}
              onTouchMove={[Function]}
              onTouchStart={[Function]}
              tabIndex={0}
              target="blank"
            >
              <span
                className="MuiButton-label"
              >
                Open in Flickr
              </span>
            </a>
          </div>
        </div>
      </div>
      <div
        className="swiper-slide"
        style={
          Object {
            "width": "80%",
          }
        }
      >
        <div
          className="MuiPaper-root MuiCard-root MuiPaper-elevation8 MuiPaper-rounded"
        >
          <button
            className="MuiButtonBase-root MuiCardActionArea-root"
            disabled={false}
            onBlur={[Function]}
            onClick={[Function]}
            onDragLeave={[Function]}
            onFocus={[Function]}
            onKeyDown={[Function]}
            onKeyUp={[Function]}
            onMouseDown={[Function]}
            onMouseLeave={[Function]}
            onMouseUp={[Function]}
            onTouchEnd={[Function]}
            onTouchMove={[Function]}
            onTouchStart={[Function]}
            tabIndex={0}
            type="button"
          >
            <img
              className="MuiCardMedia-root makeStyles-media-1 MuiCardMedia-media MuiCardMedia-img"
              onError={[Function]}
              src="https://live.staticflickr.com/65535/50206137521_2114072d4f_b.jpg"
              title=" "
            />
            <div
              className="MuiCardContent-root"
            >
              <h2
                className="MuiTypography-root makeStyles-textEllipsis-2 MuiTypography-h5 MuiTypography-gutterBottom"
                title=" "
              >
                <i>
                  No title
                </i>
              </h2>
              <p
                className="MuiTypography-root makeStyles-textEllipsis-2 MuiTypography-body2 MuiTypography-colorTextSecondary"
              >
                Posted by 
                <a
                  className="MuiTypography-root MuiLink-root MuiLink-underlineHover MuiTypography-colorPrimary"
                  href="https://www.flickr.com/people/unclegrr/"
                  onBlur={[Function]}
                  onFocus={[Function]}
                  target="blank"
                >
                  UncleGrr!
                </a>
                 at
                2020-08-09T13:48:51Z
              </p>
              <p
                className="MuiTypography-root makeStyles-textEllipsis-2 MuiTypography-body2 MuiTypography-colorTextSecondary"
                title=""
              >
                Categories: 
                <i>
                  Uncategorized
                </i>
              </p>
            </div>
            <span
              className="MuiCardActionArea-focusHighlight"
            />
          </button>
          <div
            className="MuiCardActions-root MuiCardActions-spacing"
          >
            <button
              className="MuiButtonBase-root MuiButton-root MuiButton-text MuiButton-textPrimary MuiButton-textSizeSmall MuiButton-sizeSmall"
              disabled={false}
              onBlur={[Function]}
              onDragLeave={[Function]}
              onFocus={[Function]}
              onKeyDown={[Function]}
              onKeyUp={[Function]}
              onMouseDown={[Function]}
              onMouseLeave={[Function]}
              onMouseUp={[Function]}
              onTouchEnd={[Function]}
              onTouchMove={[Function]}
              onTouchStart={[Function]}
              tabIndex={0}
              type="button"
            >
              <span
                className="MuiButton-label"
              >
                Share
              </span>
            </button>
            <a
              aria-disabled={false}
              className="MuiButtonBase-root MuiButton-root MuiButton-text MuiButton-textPrimary MuiButton-textSizeSmall MuiButton-sizeSmall"
              href="https://www.flickr.com/photos/unclegrr/50206137521/"
              onBlur={[Function]}
              onDragLeave={[Function]}
              onFocus={[Function]}
              onKeyDown={[Function]}
              onKeyUp={[Function]}
              onMouseDown={[Function]}
              onMouseLeave={[Function]}
              onMouseUp={[Function]}
              onTouchEnd={[Function]}
              onTouchMove={[Function]}
              onTouchStart={[Function]}
              tabIndex={0}
              target="blank"
            >
              <span
                className="MuiButton-label"
              >
                Open in Flickr
              </span>
            </a>
          </div>
        </div>
      </div>
      <div
        className="swiper-slide"
        style={
          Object {
            "width": "80%",
          }
        }
      >
        <div
          className="MuiPaper-root MuiCard-root MuiPaper-elevation8 MuiPaper-rounded"
        >
          <button
            className="MuiButtonBase-root MuiCardActionArea-root"
            disabled={false}
            onBlur={[Function]}
            onClick={[Function]}
            onDragLeave={[Function]}
            onFocus={[Function]}
            onKeyDown={[Function]}
            onKeyUp={[Function]}
            onMouseDown={[Function]}
            onMouseLeave={[Function]}
            onMouseUp={[Function]}
            onTouchEnd={[Function]}
            onTouchMove={[Function]}
            onTouchStart={[Function]}
            tabIndex={0}
            type="button"
          >
            <img
              className="MuiCardMedia-root makeStyles-media-1 MuiCardMedia-media MuiCardMedia-img"
              onError={[Function]}
              src="https://live.staticflickr.com/65535/50206137561_d11a7ec834_b.jpg"
              title="To the beach"
            />
            <div
              className="MuiCardContent-root"
            >
              <h2
                className="MuiTypography-root makeStyles-textEllipsis-2 MuiTypography-h5 MuiTypography-gutterBottom"
                title="To the beach"
              >
                To the beach
              </h2>
              <p
                className="MuiTypography-root makeStyles-textEllipsis-2 MuiTypography-body2 MuiTypography-colorTextSecondary"
              >
                Posted by 
                <a
                  className="MuiTypography-root MuiLink-root MuiLink-underlineHover MuiTypography-colorPrimary"
                  href="https://www.flickr.com/people/148533597@N08/"
                  onBlur={[Function]}
                  onFocus={[Function]}
                  target="blank"
                >
                  margotsmith1
                </a>
                 at
                2020-08-09T13:48:52Z
              </p>
              <p
                className="MuiTypography-root makeStyles-textEllipsis-2 MuiTypography-body2 MuiTypography-colorTextSecondary"
                title=""
              >
                Categories: 
                <i>
                  Uncategorized
                </i>
              </p>
            </div>
            <span
              className="MuiCardActionArea-focusHighlight"
            />
          </button>
          <div
            className="MuiCardActions-root MuiCardActions-spacing"
          >
            <button
              className="MuiButtonBase-root MuiButton-root MuiButton-text MuiButton-textPrimary MuiButton-textSizeSmall MuiButton-sizeSmall"
              disabled={false}
              onBlur={[Function]}
              onDragLeave={[Function]}
              onFocus={[Function]}
              onKeyDown={[Function]}
              onKeyUp={[Function]}
              onMouseDown={[Function]}
              onMouseLeave={[Function]}
              onMouseUp={[Function]}
              onTouchEnd={[Function]}
              onTouchMove={[Function]}
              onTouchStart={[Function]}
              tabIndex={0}
              type="button"
            >
              <span
                className="MuiButton-label"
              >
                Share
              </span>
            </button>
            <a
              aria-disabled={false}
              className="MuiButtonBase-root MuiButton-root MuiButton-text MuiButton-textPrimary MuiButton-textSizeSmall MuiButton-sizeSmall"
              href="https://www.flickr.com/photos/148533597@N08/50206137561/"
              onBlur={[Function]}
              onDragLeave={[Function]}
              onFocus={[Function]}
              onKeyDown={[Function]}
              onKeyUp={[Function]}
              onMouseDown={[Function]}
              onMouseLeave={[Function]}
              onMouseUp={[Function]}
              onTouchEnd={[Function]}
              onTouchMove={[Function]}
              onTouchStart={[Function]}
              tabIndex={0}
              target="blank"
            >
              <span
                className="MuiButton-label"
              >
                Open in Flickr
              </span>
            </a>
          </div>
        </div>
      </div>
      <div
        className="swiper-slide"
        style={
          Object {
            "width": "80%",
          }
        }
      >
        <div
          className="MuiPaper-root MuiCard-root MuiPaper-elevation8 MuiPaper-rounded"
        >
          <button
            className="MuiButtonBase-root MuiCardActionArea-root"
            disabled={false}
            onBlur={[Function]}
            onClick={[Function]}
            onDragLeave={[Function]}
            onFocus={[Function]}
            onKeyDown={[Function]}
            onKeyUp={[Function]}
            onMouseDown={[Function]}
            onMouseLeave={[Function]}
            onMouseUp={[Function]}
            onTouchEnd={[Function]}
            onTouchMove={[Function]}
            onTouchStart={[Function]}
            tabIndex={0}
            type="button"
          >
            <img
              className="MuiCardMedia-root makeStyles-media-1 MuiCardMedia-media MuiCardMedia-img"
              onError={[Function]}
              src="https://live.staticflickr.com/65535/50206137591_20bbbc0b47_b.jpg"
              title="DSC_0159-2"
            />
            <div
              className="MuiCardContent-root"
            >
              <h2
                className="MuiTypography-root makeStyles-textEllipsis-2 MuiTypography-h5 MuiTypography-gutterBottom"
                title="DSC_0159-2"
              >
                DSC_0159-2
              </h2>
              <p
                className="MuiTypography-root makeStyles-textEllipsis-2 MuiTypography-body2 MuiTypography-colorTextSecondary"
              >
                Posted by 
                <a
                  className="MuiTypography-root MuiLink-root MuiLink-underlineHover MuiTypography-colorPrimary"
                  href="https://www.flickr.com/people/152882821@N05/"
                  onBlur={[Function]}
                  onFocus={[Function]}
                  target="blank"
                >
                  rozbrule
                </a>
                 at
                2020-08-09T13:48:53Z
              </p>
              <p
                className="MuiTypography-root makeStyles-textEllipsis-2 MuiTypography-body2 MuiTypography-colorTextSecondary"
                title="elements"
              >
                Categories: 
                elements
              </p>
            </div>
            <span
              className="MuiCardActionArea-focusHighlight"
            />
          </button>
          <div
            className="MuiCardActions-root MuiCardActions-spacing"
          >
            <button
              className="MuiButtonBase-root MuiButton-root MuiButton-text MuiButton-textPrimary MuiButton-textSizeSmall MuiButton-sizeSmall"
              disabled={false}
              onBlur={[Function]}
              onDragLeave={[Function]}
              onFocus={[Function]}
              onKeyDown={[Function]}
              onKeyUp={[Function]}
              onMouseDown={[Function]}
              onMouseLeave={[Function]}
              onMouseUp={[Function]}
              onTouchEnd={[Function]}
              onTouchMove={[Function]}
              onTouchStart={[Function]}
              tabIndex={0}
              type="button"
            >
              <span
                className="MuiButton-label"
              >
                Share
              </span>
            </button>
            <a
              aria-disabled={false}
              className="MuiButtonBase-root MuiButton-root MuiButton-text MuiButton-textPrimary MuiButton-textSizeSmall MuiButton-sizeSmall"
              href="https://www.flickr.com/photos/152882821@N05/50206137591/"
              onBlur={[Function]}
              onDragLeave={[Function]}
              onFocus={[Function]}
              onKeyDown={[Function]}
              onKeyUp={[Function]}
              onMouseDown={[Function]}
              onMouseLeave={[Function]}
              onMouseUp={[Function]}
              onTouchEnd={[Function]}
              onTouchMove={[Function]}
              onTouchStart={[Function]}
              tabIndex={0}
              target="blank"
            >
              <span
                className="MuiButton-label"
              >
                Open in Flickr
              </span>
            </a>
          </div>
        </div>
      </div>
      <div
        className="swiper-slide"
        style={
          Object {
            "width": "80%",
          }
        }
      >
        <div
          className="MuiPaper-root MuiCard-root MuiPaper-elevation8 MuiPaper-rounded"
        >
          <button
            className="MuiButtonBase-root MuiCardActionArea-root"
            disabled={false}
            onBlur={[Function]}
            onClick={[Function]}
            onDragLeave={[Function]}
            onFocus={[Function]}
            onKeyDown={[Function]}
            onKeyUp={[Function]}
            onMouseDown={[Function]}
            onMouseLeave={[Function]}
            onMouseUp={[Function]}
            onTouchEnd={[Function]}
            onTouchMove={[Function]}
            onTouchStart={[Function]}
            tabIndex={0}
            type="button"
          >
            <img
              className="MuiCardMedia-root makeStyles-media-1 MuiCardMedia-media MuiCardMedia-img"
              onError={[Function]}
              src="https://live.staticflickr.com/65535/50206411707_f041c701a0_z.jpg"
              title="thuexemaydananggiahuyさんのプロフィール - はてな"
            />
            <div
              className="MuiCardContent-root"
            >
              <h2
                className="MuiTypography-root makeStyles-textEllipsis-2 MuiTypography-h5 MuiTypography-gutterBottom"
                title="thuexemaydananggiahuyさんのプロフィール - はてな"
              >
                thuexemaydananggiahuyさんのプロフィール - はてな
              </h2>
              <p
                className="MuiTypography-root makeStyles-textEllipsis-2 MuiTypography-body2 MuiTypography-colorTextSecondary"
              >
                Posted by 
                <a
                  className="MuiTypography-root MuiLink-root MuiLink-underlineHover MuiTypography-colorPrimary"
                  href="https://www.flickr.com/people/thuexemaygiakhanh/"
                  onBlur={[Function]}
                  onFocus={[Function]}
                  target="blank"
                >
                  jonhuytranfpt
                </a>
                 at
                2020-08-09T13:48:23Z
              </p>
              <p
                className="MuiTypography-root makeStyles-textEllipsis-2 MuiTypography-body2 MuiTypography-colorTextSecondary"
                title="ifttt, facebook"
              >
                Categories: 
                ifttt, facebook
              </p>
            </div>
            <span
              className="MuiCardActionArea-focusHighlight"
            />
          </button>
          <div
            className="MuiCardActions-root MuiCardActions-spacing"
          >
            <button
              className="MuiButtonBase-root MuiButton-root MuiButton-text MuiButton-textPrimary MuiButton-textSizeSmall MuiButton-sizeSmall"
              disabled={false}
              onBlur={[Function]}
              onDragLeave={[Function]}
              onFocus={[Function]}
              onKeyDown={[Function]}
              onKeyUp={[Function]}
              onMouseDown={[Function]}
              onMouseLeave={[Function]}
              onMouseUp={[Function]}
              onTouchEnd={[Function]}
              onTouchMove={[Function]}
              onTouchStart={[Function]}
              tabIndex={0}
              type="button"
            >
              <span
                className="MuiButton-label"
              >
                Share
              </span>
            </button>
            <a
              aria-disabled={false}
              className="MuiButtonBase-root MuiButton-root MuiButton-text MuiButton-textPrimary MuiButton-textSizeSmall MuiButton-sizeSmall"
              href="https://www.flickr.com/photos/thuexemaygiakhanh/50206411707/"
              onBlur={[Function]}
              onDragLeave={[Function]}
              onFocus={[Function]}
              onKeyDown={[Function]}
              onKeyUp={[Function]}
              onMouseDown={[Function]}
              onMouseLeave={[Function]}
              onMouseUp={[Function]}
              onTouchEnd={[Function]}
              onTouchMove={[Function]}
              onTouchStart={[Function]}
              tabIndex={0}
              target="blank"
            >
              <span
                className="MuiButton-label"
              >
                Open in Flickr
              </span>
            </a>
          </div>
        </div>
      </div>
      <div
        className="swiper-slide"
        style={
          Object {
            "width": "80%",
          }
        }
      >
        <div
          className="MuiPaper-root MuiCard-root MuiPaper-elevation8 MuiPaper-rounded"
        >
          <button
            className="MuiButtonBase-root MuiCardActionArea-root"
            disabled={false}
            onBlur={[Function]}
            onClick={[Function]}
            onDragLeave={[Function]}
            onFocus={[Function]}
            onKeyDown={[Function]}
            onKeyUp={[Function]}
            onMouseDown={[Function]}
            onMouseLeave={[Function]}
            onMouseUp={[Function]}
            onTouchEnd={[Function]}
            onTouchMove={[Function]}
            onTouchStart={[Function]}
            tabIndex={0}
            type="button"
          >
            <img
              className="MuiCardMedia-root makeStyles-media-1 MuiCardMedia-media MuiCardMedia-img"
              onError={[Function]}
              src="https://live.staticflickr.com/65535/50206411967_89f6f53564_b.jpg"
              title="157"
            />
            <div
              className="MuiCardContent-root"
            >
              <h2
                className="MuiTypography-root makeStyles-textEllipsis-2 MuiTypography-h5 MuiTypography-gutterBottom"
                title="157"
              >
                157
              </h2>
              <p
                className="MuiTypography-root makeStyles-textEllipsis-2 MuiTypography-body2 MuiTypography-colorTextSecondary"
              >
                Posted by 
                <a
                  className="MuiTypography-root MuiLink-root MuiLink-underlineHover MuiTypography-colorPrimary"
                  href="https://www.flickr.com/people/65580215@N02/"
                  onBlur={[Function]}
                  onFocus={[Function]}
                  target="blank"
                >
                  john rudd
                </a>
                 at
                2020-08-09T13:48:27Z
              </p>
              <p
                className="MuiTypography-root makeStyles-textEllipsis-2 MuiTypography-body2 MuiTypography-colorTextSecondary"
                title=""
              >
                Categories: 
                <i>
                  Uncategorized
                </i>
              </p>
            </div>
            <span
              className="MuiCardActionArea-focusHighlight"
            />
          </button>
          <div
            className="MuiCardActions-root MuiCardActions-spacing"
          >
            <button
              className="MuiButtonBase-root MuiButton-root MuiButton-text MuiButton-textPrimary MuiButton-textSizeSmall MuiButton-sizeSmall"
              disabled={false}
              onBlur={[Function]}
              onDragLeave={[Function]}
              onFocus={[Function]}
              onKeyDown={[Function]}
              onKeyUp={[Function]}
              onMouseDown={[Function]}
              onMouseLeave={[Function]}
              onMouseUp={[Function]}
              onTouchEnd={[Function]}
              onTouchMove={[Function]}
              onTouchStart={[Function]}
              tabIndex={0}
              type="button"
            >
              <span
                className="MuiButton-label"
              >
                Share
              </span>
            </button>
            <a
              aria-disabled={false}
              className="MuiButtonBase-root MuiButton-root MuiButton-text MuiButton-textPrimary MuiButton-textSizeSmall MuiButton-sizeSmall"
              href="https://www.flickr.com/photos/65580215@N02/50206411967/"
              onBlur={[Function]}
              onDragLeave={[Function]}
              onFocus={[Function]}
              onKeyDown={[Function]}
              onKeyUp={[Function]}
              onMouseDown={[Function]}
              onMouseLeave={[Function]}
              onMouseUp={[Function]}
              onTouchEnd={[Function]}
              onTouchMove={[Function]}
              onTouchStart={[Function]}
              tabIndex={0}
              target="blank"
            >
              <span
                className="MuiButton-label"
              >
                Open in Flickr
              </span>
            </a>
          </div>
        </div>
      </div>
      <div
        className="swiper-slide"
        style={
          Object {
            "width": "80%",
          }
        }
      >
        <div
          className="MuiPaper-root MuiCard-root MuiPaper-elevation8 MuiPaper-rounded"
        >
          <button
            className="MuiButtonBase-root MuiCardActionArea-root"
            disabled={false}
            onBlur={[Function]}
            onClick={[Function]}
            onDragLeave={[Function]}
            onFocus={[Function]}
            onKeyDown={[Function]}
            onKeyUp={[Function]}
            onMouseDown={[Function]}
            onMouseLeave={[Function]}
            onMouseUp={[Function]}
            onTouchEnd={[Function]}
            onTouchMove={[Function]}
            onTouchStart={[Function]}
            tabIndex={0}
            type="button"
          >
            <img
              className="MuiCardMedia-root makeStyles-media-1 MuiCardMedia-media MuiCardMedia-img"
              onError={[Function]}
              src="https://live.staticflickr.com/65535/50206412087_515aed26ae_z.jpg"
              title="The Legacy of the Bones"
            />
            <div
              className="MuiCardContent-root"
            >
              <h2
                className="MuiTypography-root makeStyles-textEllipsis-2 MuiTypography-h5 MuiTypography-gutterBottom"
                title="The Legacy of the Bones"
              >
                The Legacy of the Bones
              </h2>
              <p
                className="MuiTypography-root makeStyles-textEllipsis-2 MuiTypography-body2 MuiTypography-colorTextSecondary"
              >
                Posted by 
                <a
                  className="MuiTypography-root MuiLink-root MuiLink-underlineHover MuiTypography-colorPrimary"
                  href="https://www.flickr.com/people/mvieclub/"
                  onBlur={[Function]}
                  onFocus={[Function]}
                  target="blank"
                >
                  mvieclub
                </a>
                 at
                2020-08-09T13:48:30Z
              </p>
              <p
                className="MuiTypography-root makeStyles-textEllipsis-2 MuiTypography-body2 MuiTypography-colorTextSecondary"
                title=""
              >
                Categories: 
                <i>
                  Uncategorized
                </i>
              </p>
            </div>
            <span
              className="MuiCardActionArea-focusHighlight"
            />
          </button>
          <div
            className="MuiCardActions-root MuiCardActions-spacing"
          >
            <button
              className="MuiButtonBase-root MuiButton-root MuiButton-text MuiButton-textPrimary MuiButton-textSizeSmall MuiButton-sizeSmall"
              disabled={false}
              onBlur={[Function]}
              onDragLeave={[Function]}
              onFocus={[Function]}
              onKeyDown={[Function]}
              onKeyUp={[Function]}
              onMouseDown={[Function]}
              onMouseLeave={[Function]}
              onMouseUp={[Function]}
              onTouchEnd={[Function]}
              onTouchMove={[Function]}
              onTouchStart={[Function]}
              tabIndex={0}
              type="button"
            >
              <span
                className="MuiButton-label"
              >
                Share
              </span>
            </button>
            <a
              aria-disabled={false}
              className="MuiButtonBase-root MuiButton-root MuiButton-text MuiButton-textPrimary MuiButton-textSizeSmall MuiButton-sizeSmall"
              href="https://www.flickr.com/photos/mvieclub/50206412087/"
              onBlur={[Function]}
              onDragLeave={[Function]}
              onFocus={[Function]}
              onKeyDown={[Function]}
              onKeyUp={[Function]}
              onMouseDown={[Function]}
              onMouseLeave={[Function]}
              onMouseUp={[Function]}
              onTouchEnd={[Function]}
              onTouchMove={[Function]}
              onTouchStart={[Function]}
              tabIndex={0}
              target="blank"
            >
              <span
                className="MuiButton-label"
              >
                Open in Flickr
              </span>
            </a>
          </div>
        </div>
      </div>
      <div
        className="swiper-slide"
        style={
          Object {
            "width": "80%",
          }
        }
      >
        <div
          className="MuiPaper-root MuiCard-root MuiPaper-elevation8 MuiPaper-rounded"
        >
          <button
            className="MuiButtonBase-root MuiCardActionArea-root"
            disabled={false}
            onBlur={[Function]}
            onClick={[Function]}
            onDragLeave={[Function]}
            onFocus={[Function]}
            onKeyDown={[Function]}
            onKeyUp={[Function]}
            onMouseDown={[Function]}
            onMouseLeave={[Function]}
            onMouseUp={[Function]}
            onTouchEnd={[Function]}
            onTouchMove={[Function]}
            onTouchStart={[Function]}
            tabIndex={0}
            type="button"
          >
            <img
              className="MuiCardMedia-root makeStyles-media-1 MuiCardMedia-media MuiCardMedia-img"
              onError={[Function]}
              src="https://live.staticflickr.com/65535/50206412187_f8e3da6dfd_b.jpg"
              title="2020-08-09_04-48-29"
            />
            <div
              className="MuiCardContent-root"
            >
              <h2
                className="MuiTypography-root makeStyles-textEllipsis-2 MuiTypography-h5 MuiTypography-gutterBottom"
                title="2020-08-09_04-48-29"
              >
                2020-08-09_04-48-29
              </h2>
              <p
                className="MuiTypography-root makeStyles-textEllipsis-2 MuiTypography-body2 MuiTypography-colorTextSecondary"
              >
                Posted by 
                <a
                  className="MuiTypography-root MuiLink-root MuiLink-underlineHover MuiTypography-colorPrimary"
                  href="https://www.flickr.com/people/cod_gabriel/"
                  onBlur={[Function]}
                  onFocus={[Function]}
                  target="blank"
                >
                  cod_gabriel
                </a>
                 at
                2020-08-09T13:48:31Z
              </p>
              <p
                className="MuiTypography-root makeStyles-textEllipsis-2 MuiTypography-body2 MuiTypography-colorTextSecondary"
                title=""
              >
                Categories: 
                <i>
                  Uncategorized
                </i>
              </p>
            </div>
            <span
              className="MuiCardActionArea-focusHighlight"
            />
          </button>
          <div
            className="MuiCardActions-root MuiCardActions-spacing"
          >
            <button
              className="MuiButtonBase-root MuiButton-root MuiButton-text MuiButton-textPrimary MuiButton-textSizeSmall MuiButton-sizeSmall"
              disabled={false}
              onBlur={[Function]}
              onDragLeave={[Function]}
              onFocus={[Function]}
              onKeyDown={[Function]}
              onKeyUp={[Function]}
              onMouseDown={[Function]}
              onMouseLeave={[Function]}
              onMouseUp={[Function]}
              onTouchEnd={[Function]}
              onTouchMove={[Function]}
              onTouchStart={[Function]}
              tabIndex={0}
              type="button"
            >
              <span
                className="MuiButton-label"
              >
                Share
              </span>
            </button>
            <a
              aria-disabled={false}
              className="MuiButtonBase-root MuiButton-root MuiButton-text MuiButton-textPrimary MuiButton-textSizeSmall MuiButton-sizeSmall"
              href="https://www.flickr.com/photos/cod_gabriel/50206412187/"
              onBlur={[Function]}
              onDragLeave={[Function]}
              onFocus={[Function]}
              onKeyDown={[Function]}
              onKeyUp={[Function]}
              onMouseDown={[Function]}
              onMouseLeave={[Function]}
              onMouseUp={[Function]}
              onTouchEnd={[Function]}
              onTouchMove={[Function]}
              onTouchStart={[Function]}
              tabIndex={0}
              target="blank"
            >
              <span
                className="MuiButton-label"
              >
                Open in Flickr
              </span>
            </a>
          </div>
        </div>
      </div>
      <div
        className="swiper-slide"
        style={
          Object {
            "width": "80%",
          }
        }
      >
        <div
          className="MuiPaper-root MuiCard-root MuiPaper-elevation8 MuiPaper-rounded"
        >
          <button
            className="MuiButtonBase-root MuiCardActionArea-root"
            disabled={false}
            onBlur={[Function]}
            onClick={[Function]}
            onDragLeave={[Function]}
            onFocus={[Function]}
            onKeyDown={[Function]}
            onKeyUp={[Function]}
            onMouseDown={[Function]}
            onMouseLeave={[Function]}
            onMouseUp={[Function]}
            onTouchEnd={[Function]}
            onTouchMove={[Function]}
            onTouchStart={[Function]}
            tabIndex={0}
            type="button"
          >
            <img
              className="MuiCardMedia-root makeStyles-media-1 MuiCardMedia-media MuiCardMedia-img"
              onError={[Function]}
              src="https://live.staticflickr.com/video/50206412592/be88dbcc41/360p.mp4?s=eyJpIjo1MDIwNjQxMjU5MiwiZSI6MTU5Njk4Mjc0NCwicyI6IjU1ZTBlZTRkZGFjNmFlNDFmMGIxYTU1OTg4MTQ2ZWI3NTdmZDMwOTYiLCJ2IjoxfQ"
              title="Cách Nạp Thẻ Điện Thoại Chiết Khấu Cao"
            />
            <div
              className="MuiCardContent-root"
            >
              <h2
                className="MuiTypography-root makeStyles-textEllipsis-2 MuiTypography-h5 MuiTypography-gutterBottom"
                title="Cách Nạp Thẻ Điện Thoại Chiết Khấu Cao"
              >
                Cách Nạp Thẻ Điện Thoại Chiết Khấu Cao
              </h2>
              <p
                className="MuiTypography-root makeStyles-textEllipsis-2 MuiTypography-body2 MuiTypography-colorTextSecondary"
              >
                Posted by 
                <a
                  className="MuiTypography-root MuiLink-root MuiLink-underlineHover MuiTypography-colorPrimary"
                  href="https://www.flickr.com/people/4g5gviettel/"
                  onBlur={[Function]}
                  onFocus={[Function]}
                  target="blank"
                >
                  4G 5G Viettel
                </a>
                 at
                2020-08-09T13:48:38Z
              </p>
              <p
                className="MuiTypography-root makeStyles-textEllipsis-2 MuiTypography-body2 MuiTypography-colorTextSecondary"
                title="https4g5gviettelnetwpcontentuploads202007logo4g5gjpg"
              >
                Categories: 
                https4g5gviettelnetwpcontentuploads202007logo4g5gjpg
              </p>
            </div>
            <span
              className="MuiCardActionArea-focusHighlight"
            />
          </button>
          <div
            className="MuiCardActions-root MuiCardActions-spacing"
          >
            <button
              className="MuiButtonBase-root MuiButton-root MuiButton-text MuiButton-textPrimary MuiButton-textSizeSmall MuiButton-sizeSmall"
              disabled={false}
              onBlur={[Function]}
              onDragLeave={[Function]}
              onFocus={[Function]}
              onKeyDown={[Function]}
              onKeyUp={[Function]}
              onMouseDown={[Function]}
              onMouseLeave={[Function]}
              onMouseUp={[Function]}
              onTouchEnd={[Function]}
              onTouchMove={[Function]}
              onTouchStart={[Function]}
              tabIndex={0}
              type="button"
            >
              <span
                className="MuiButton-label"
              >
                Share
              </span>
            </button>
            <a
              aria-disabled={false}
              className="MuiButtonBase-root MuiButton-root MuiButton-text MuiButton-textPrimary MuiButton-textSizeSmall MuiButton-sizeSmall"
              href="https://www.flickr.com/photos/4g5gviettel/50206412592/"
              onBlur={[Function]}
              onDragLeave={[Function]}
              onFocus={[Function]}
              onKeyDown={[Function]}
              onKeyUp={[Function]}
              onMouseDown={[Function]}
              onMouseLeave={[Function]}
              onMouseUp={[Function]}
              onTouchEnd={[Function]}
              onTouchMove={[Function]}
              onTouchStart={[Function]}
              tabIndex={0}
              target="blank"
            >
              <span
                className="MuiButton-label"
              >
                Open in Flickr
              </span>
            </a>
          </div>
        </div>
      </div>
      <div
        className="swiper-slide"
        style={
          Object {
            "width": "80%",
          }
        }
      >
        <div
          className="MuiPaper-root MuiCard-root MuiPaper-elevation8 MuiPaper-rounded"
        >
          <button
            className="MuiButtonBase-root MuiCardActionArea-root"
            disabled={false}
            onBlur={[Function]}
            onClick={[Function]}
            onDragLeave={[Function]}
            onFocus={[Function]}
            onKeyDown={[Function]}
            onKeyUp={[Function]}
            onMouseDown={[Function]}
            onMouseLeave={[Function]}
            onMouseUp={[Function]}
            onTouchEnd={[Function]}
            onTouchMove={[Function]}
            onTouchStart={[Function]}
            tabIndex={0}
            type="button"
          >
            <img
              className="MuiCardMedia-root makeStyles-media-1 MuiCardMedia-media MuiCardMedia-img"
              onError={[Function]}
              src="https://live.staticflickr.com/65535/50206413137_64da726aeb_b.jpg"
              title="20200802_114425"
            />
            <div
              className="MuiCardContent-root"
            >
              <h2
                className="MuiTypography-root makeStyles-textEllipsis-2 MuiTypography-h5 MuiTypography-gutterBottom"
                title="20200802_114425"
              >
                20200802_114425
              </h2>
              <p
                className="MuiTypography-root makeStyles-textEllipsis-2 MuiTypography-body2 MuiTypography-colorTextSecondary"
              >
                Posted by 
                <a
                  className="MuiTypography-root MuiLink-root MuiLink-underlineHover MuiTypography-colorPrimary"
                  href="https://www.flickr.com/people/145587345@N08/"
                  onBlur={[Function]}
                  onFocus={[Function]}
                  target="blank"
                >
                  i_love_caboose
                </a>
                 at
                2020-08-09T13:48:49Z
              </p>
              <p
                className="MuiTypography-root makeStyles-textEllipsis-2 MuiTypography-body2 MuiTypography-colorTextSecondary"
                title=""
              >
                Categories: 
                <i>
                  Uncategorized
                </i>
              </p>
            </div>
            <span
              className="MuiCardActionArea-focusHighlight"
            />
          </button>
          <div
            className="MuiCardActions-root MuiCardActions-spacing"
          >
            <button
              className="MuiButtonBase-root MuiButton-root MuiButton-text MuiButton-textPrimary MuiButton-textSizeSmall MuiButton-sizeSmall"
              disabled={false}
              onBlur={[Function]}
              onDragLeave={[Function]}
              onFocus={[Function]}
              onKeyDown={[Function]}
              onKeyUp={[Function]}
              onMouseDown={[Function]}
              onMouseLeave={[Function]}
              onMouseUp={[Function]}
              onTouchEnd={[Function]}
              onTouchMove={[Function]}
              onTouchStart={[Function]}
              tabIndex={0}
              type="button"
            >
              <span
                className="MuiButton-label"
              >
                Share
              </span>
            </button>
            <a
              aria-disabled={false}
              className="MuiButtonBase-root MuiButton-root MuiButton-text MuiButton-textPrimary MuiButton-textSizeSmall MuiButton-sizeSmall"
              href="https://www.flickr.com/photos/145587345@N08/50206413137/"
              onBlur={[Function]}
              onDragLeave={[Function]}
              onFocus={[Function]}
              onKeyDown={[Function]}
              onKeyUp={[Function]}
              onMouseDown={[Function]}
              onMouseLeave={[Function]}
              onMouseUp={[Function]}
              onTouchEnd={[Function]}
              onTouchMove={[Function]}
              onTouchStart={[Function]}
              tabIndex={0}
              target="blank"
            >
              <span
                className="MuiButton-label"
              >
                Open in Flickr
              </span>
            </a>
          </div>
        </div>
      </div>
      <div
        className="swiper-slide"
        style={
          Object {
            "width": "80%",
          }
        }
      >
        <div
          className="MuiPaper-root MuiCard-root MuiPaper-elevation8 MuiPaper-rounded"
        >
          <button
            className="MuiButtonBase-root MuiCardActionArea-root"
            disabled={false}
            onBlur={[Function]}
            onClick={[Function]}
            onDragLeave={[Function]}
            onFocus={[Function]}
            onKeyDown={[Function]}
            onKeyUp={[Function]}
            onMouseDown={[Function]}
            onMouseLeave={[Function]}
            onMouseUp={[Function]}
            onTouchEnd={[Function]}
            onTouchMove={[Function]}
            onTouchStart={[Function]}
            tabIndex={0}
            type="button"
          >
            <img
              className="MuiCardMedia-root makeStyles-media-1 MuiCardMedia-media MuiCardMedia-img"
              onError={[Function]}
              src="https://live.staticflickr.com/65535/50206413857_dbda1d2b07_b.jpg"
              title="Mm"
            />
            <div
              className="MuiCardContent-root"
            >
              <h2
                className="MuiTypography-root makeStyles-textEllipsis-2 MuiTypography-h5 MuiTypography-gutterBottom"
                title="Mm"
              >
                Mm
              </h2>
              <p
                className="MuiTypography-root makeStyles-textEllipsis-2 MuiTypography-body2 MuiTypography-colorTextSecondary"
              >
                Posted by 
                <a
                  className="MuiTypography-root MuiLink-root MuiLink-underlineHover MuiTypography-colorPrimary"
                  href="https://www.flickr.com/people/148564463@N06/"
                  onBlur={[Function]}
                  onFocus={[Function]}
                  target="blank"
                >
                  roszpuunks88
                </a>
                 at
                2020-08-09T13:49:01Z
              </p>
              <p
                className="MuiTypography-root makeStyles-textEllipsis-2 MuiTypography-body2 MuiTypography-colorTextSecondary"
                title=""
              >
                Categories: 
                <i>
                  Uncategorized
                </i>
              </p>
            </div>
            <span
              className="MuiCardActionArea-focusHighlight"
            />
          </button>
          <div
            className="MuiCardActions-root MuiCardActions-spacing"
          >
            <button
              className="MuiButtonBase-root MuiButton-root MuiButton-text MuiButton-textPrimary MuiButton-textSizeSmall MuiButton-sizeSmall"
              disabled={false}
              onBlur={[Function]}
              onDragLeave={[Function]}
              onFocus={[Function]}
              onKeyDown={[Function]}
              onKeyUp={[Function]}
              onMouseDown={[Function]}
              onMouseLeave={[Function]}
              onMouseUp={[Function]}
              onTouchEnd={[Function]}
              onTouchMove={[Function]}
              onTouchStart={[Function]}
              tabIndex={0}
              type="button"
            >
              <span
                className="MuiButton-label"
              >
                Share
              </span>
            </button>
            <a
              aria-disabled={false}
              className="MuiButtonBase-root MuiButton-root MuiButton-text MuiButton-textPrimary MuiButton-textSizeSmall MuiButton-sizeSmall"
              href="https://www.flickr.com/photos/148564463@N06/50206413857/"
              onBlur={[Function]}
              onDragLeave={[Function]}
              onFocus={[Function]}
              onKeyDown={[Function]}
              onKeyUp={[Function]}
              onMouseDown={[Function]}
              onMouseLeave={[Function]}
              onMouseUp={[Function]}
              onTouchEnd={[Function]}
              onTouchMove={[Function]}
              onTouchStart={[Function]}
              tabIndex={0}
              target="blank"
            >
              <span
                className="MuiButton-label"
              >
                Open in Flickr
              </span>
            </a>
          </div>
        </div>
      </div>
      <div
        className="swiper-slide"
        style={
          Object {
            "width": "80%",
          }
        }
      >
        <div
          className="MuiPaper-root MuiCard-root MuiPaper-elevation8 MuiPaper-rounded"
        >
          <button
            className="MuiButtonBase-root MuiCardActionArea-root"
            disabled={false}
            onBlur={[Function]}
            onClick={[Function]}
            onDragLeave={[Function]}
            onFocus={[Function]}
            onKeyDown={[Function]}
            onKeyUp={[Function]}
            onMouseDown={[Function]}
            onMouseLeave={[Function]}
            onMouseUp={[Function]}
            onTouchEnd={[Function]}
            onTouchMove={[Function]}
            onTouchStart={[Function]}
            tabIndex={0}
            type="button"
          >
            <img
              className="MuiCardMedia-root makeStyles-media-1 MuiCardMedia-media MuiCardMedia-img"
              onError={[Function]}
              src="https://live.staticflickr.com/65535/50206413862_c0d0728473_b.jpg"
              title="Andricus quercuscalicis (1)"
            />
            <div
              className="MuiCardContent-root"
            >
              <h2
                className="MuiTypography-root makeStyles-textEllipsis-2 MuiTypography-h5 MuiTypography-gutterBottom"
                title="Andricus quercuscalicis (1)"
              >
                Andricus quercuscalicis (1)
              </h2>
              <p
                className="MuiTypography-root makeStyles-textEllipsis-2 MuiTypography-body2 MuiTypography-colorTextSecondary"
              >
                Posted by 
                <a
                  className="MuiTypography-root MuiLink-root MuiLink-underlineHover MuiTypography-colorPrimary"
                  href="https://www.flickr.com/people/12639178@N07/"
                  onBlur={[Function]}
                  onFocus={[Function]}
                  target="blank"
                >
                  naturgucker.de
                </a>
                 at
                2020-08-09T13:49:01Z
              </p>
              <p
                className="MuiTypography-root makeStyles-textEllipsis-2 MuiTypography-body2 MuiTypography-colorTextSecondary"
                title="ngid935620016, andricusquercuscalicis, eichenknopperngallwespe"
              >
                Categories: 
                ngid935620016, andricusquercuscalicis, eichenknopperngallwespe
              </p>
            </div>
            <span
              className="MuiCardActionArea-focusHighlight"
            />
          </button>
          <div
            className="MuiCardActions-root MuiCardActions-spacing"
          >
            <button
              className="MuiButtonBase-root MuiButton-root MuiButton-text MuiButton-textPrimary MuiButton-textSizeSmall MuiButton-sizeSmall"
              disabled={false}
              onBlur={[Function]}
              onDragLeave={[Function]}
              onFocus={[Function]}
              onKeyDown={[Function]}
              onKeyUp={[Function]}
              onMouseDown={[Function]}
              onMouseLeave={[Function]}
              onMouseUp={[Function]}
              onTouchEnd={[Function]}
              onTouchMove={[Function]}
              onTouchStart={[Function]}
              tabIndex={0}
              type="button"
            >
              <span
                className="MuiButton-label"
              >
                Share
              </span>
            </button>
            <a
              aria-disabled={false}
              className="MuiButtonBase-root MuiButton-root MuiButton-text MuiButton-textPrimary MuiButton-textSizeSmall MuiButton-sizeSmall"
              href="https://www.flickr.com/photos/12639178@N07/50206413862/"
              onBlur={[Function]}
              onDragLeave={[Function]}
              onFocus={[Function]}
              onKeyDown={[Function]}
              onKeyUp={[Function]}
              onMouseDown={[Function]}
              onMouseLeave={[Function]}
              onMouseUp={[Function]}
              onTouchEnd={[Function]}
              onTouchMove={[Function]}
              onTouchStart={[Function]}
              tabIndex={0}
              target="blank"
            >
              <span
                className="MuiButton-label"
              >
                Open in Flickr
              </span>
            </a>
          </div>
        </div>
      </div>
    </div>
  </div>,
  <div
    style={
      Object {
        "bottom": "20px",
        "display": "flex",
        "justifyContent": "center",
        "position": "fixed",
        "width": "100%",
      }
    }
  >
    <nav
      aria-label="pagination navigation"
      className="MuiPagination-root"
    >
      <ul
        className="MuiPagination-ul"
      >
        <li>
          <button
            aria-label="Go to previous page"
            className="MuiButtonBase-root MuiPaginationItem-root MuiPaginationItem-page Mui-disabled MuiPaginationItem-sizeSmall Mui-disabled"
            disabled={true}
            onBlur={[Function]}
            onClick={[Function]}
            onDragLeave={[Function]}
            onFocus={[Function]}
            onKeyDown={[Function]}
            onKeyUp={[Function]}
            onMouseDown={[Function]}
            onMouseLeave={[Function]}
            onMouseUp={[Function]}
            onTouchEnd={[Function]}
            onTouchMove={[Function]}
            onTouchStart={[Function]}
            tabIndex={-1}
            type="button"
          >
            <svg
              aria-hidden={true}
              className="MuiSvgIcon-root MuiPaginationItem-icon"
              focusable="false"
              viewBox="0 0 24 24"
            >
              <path
                d="M15.41 7.41L14 6l-6 6 6 6 1.41-1.41L10.83 12z"
              />
            </svg>
          </button>
        </li>
        <li>
          <button
            aria-current="true"
            aria-label="page 1"
            className="MuiButtonBase-root MuiPaginationItem-root MuiPaginationItem-page Mui-selected MuiPaginationItem-sizeSmall"
            disabled={false}
            onBlur={[Function]}
            onClick={[Function]}
            onDragLeave={[Function]}
            onFocus={[Function]}
            onKeyDown={[Function]}
            onKeyUp={[Function]}
            onMouseDown={[Function]}
            onMouseLeave={[Function]}
            onMouseUp={[Function]}
            onTouchEnd={[Function]}
            onTouchMove={[Function]}
            onTouchStart={[Function]}
            tabIndex={0}
            type="button"
          >
            1
          </button>
        </li>
        <li>
          <button
            aria-label="Go to page 2"
            className="MuiButtonBase-root MuiPaginationItem-root MuiPaginationItem-page MuiPaginationItem-sizeSmall"
            disabled={false}
            onBlur={[Function]}
            onClick={[Function]}
            onDragLeave={[Function]}
            onFocus={[Function]}
            onKeyDown={[Function]}
            onKeyUp={[Function]}
            onMouseDown={[Function]}
            onMouseLeave={[Function]}
            onMouseUp={[Function]}
            onTouchEnd={[Function]}
            onTouchMove={[Function]}
            onTouchStart={[Function]}
            tabIndex={0}
            type="button"
          >
            2
          </button>
        </li>
        <li>
          <button
            aria-label="Go to page 3"
            className="MuiButtonBase-root MuiPaginationItem-root MuiPaginationItem-page MuiPaginationItem-sizeSmall"
            disabled={false}
            onBlur={[Function]}
            onClick={[Function]}
            onDragLeave={[Function]}
            onFocus={[Function]}
            onKeyDown={[Function]}
            onKeyUp={[Function]}
            onMouseDown={[Function]}
            onMouseLeave={[Function]}
            onMouseUp={[Function]}
            onTouchEnd={[Function]}
            onTouchMove={[Function]}
            onTouchStart={[Function]}
            tabIndex={0}
            type="button"
          >
            3
          </button>
        </li>
        <li>
          <button
            aria-label="Go to page 4"
            className="MuiButtonBase-root MuiPaginationItem-root MuiPaginationItem-page MuiPaginationItem-sizeSmall"
            disabled={false}
            onBlur={[Function]}
            onClick={[Function]}
            onDragLeave={[Function]}
            onFocus={[Function]}
            onKeyDown={[Function]}
            onKeyUp={[Function]}
            onMouseDown={[Function]}
            onMouseLeave={[Function]}
            onMouseUp={[Function]}
            onTouchEnd={[Function]}
            onTouchMove={[Function]}
            onTouchStart={[Function]}
            tabIndex={0}
            type="button"
          >
            4
          </button>
        </li>
        <li>
          <button
            aria-label="Go to page 5"
            className="MuiButtonBase-root MuiPaginationItem-root MuiPaginationItem-page MuiPaginationItem-sizeSmall"
            disabled={false}
            onBlur={[Function]}
            onClick={[Function]}
            onDragLeave={[Function]}
            onFocus={[Function]}
            onKeyDown={[Function]}
            onKeyUp={[Function]}
            onMouseDown={[Function]}
            onMouseLeave={[Function]}
            onMouseUp={[Function]}
            onTouchEnd={[Function]}
            onTouchMove={[Function]}
            onTouchStart={[Function]}
            tabIndex={0}
            type="button"
          >
            5
          </button>
        </li>
        <li>
          <button
            aria-label="Go to page 6"
            className="MuiButtonBase-root MuiPaginationItem-root MuiPaginationItem-page MuiPaginationItem-sizeSmall"
            disabled={false}
            onBlur={[Function]}
            onClick={[Function]}
            onDragLeave={[Function]}
            onFocus={[Function]}
            onKeyDown={[Function]}
            onKeyUp={[Function]}
            onMouseDown={[Function]}
            onMouseLeave={[Function]}
            onMouseUp={[Function]}
            onTouchEnd={[Function]}
            onTouchMove={[Function]}
            onTouchStart={[Function]}
            tabIndex={0}
            type="button"
          >
            6
          </button>
        </li>
        <li>
          <button
            aria-label="Go to page 7"
            className="MuiButtonBase-root MuiPaginationItem-root MuiPaginationItem-page MuiPaginationItem-sizeSmall"
            disabled={false}
            onBlur={[Function]}
            onClick={[Function]}
            onDragLeave={[Function]}
            onFocus={[Function]}
            onKeyDown={[Function]}
            onKeyUp={[Function]}
            onMouseDown={[Function]}
            onMouseLeave={[Function]}
            onMouseUp={[Function]}
            onTouchEnd={[Function]}
            onTouchMove={[Function]}
            onTouchStart={[Function]}
            tabIndex={0}
            type="button"
          >
            7
          </button>
        </li>
        <li>
          <div
            className="MuiPaginationItem-root MuiPaginationItem-ellipsis MuiPaginationItem-sizeSmall"
          >
            …
          </div>
        </li>
        <li>
          <button
            aria-label="Go to page 20"
            className="MuiButtonBase-root MuiPaginationItem-root MuiPaginationItem-page MuiPaginationItem-sizeSmall"
            disabled={false}
            onBlur={[Function]}
            onClick={[Function]}
            onDragLeave={[Function]}
            onFocus={[Function]}
            onKeyDown={[Function]}
            onKeyUp={[Function]}
            onMouseDown={[Function]}
            onMouseLeave={[Function]}
            onMouseUp={[Function]}
            onTouchEnd={[Function]}
            onTouchMove={[Function]}
            onTouchStart={[Function]}
            tabIndex={0}
            type="button"
          >
            20
          </button>
        </li>
        <li>
          <button
            aria-label="Go to next page"
            className="MuiButtonBase-root MuiPaginationItem-root MuiPaginationItem-page MuiPaginationItem-sizeSmall"
            disabled={false}
            onBlur={[Function]}
            onClick={[Function]}
            onDragLeave={[Function]}
            onFocus={[Function]}
            onKeyDown={[Function]}
            onKeyUp={[Function]}
            onMouseDown={[Function]}
            onMouseLeave={[Function]}
            onMouseUp={[Function]}
            onTouchEnd={[Function]}
            onTouchMove={[Function]}
            onTouchStart={[Function]}
            tabIndex={0}
            type="button"
          >
            <svg
              aria-hidden={true}
              className="MuiSvgIcon-root MuiPaginationItem-icon"
              focusable="false"
              viewBox="0 0 24 24"
            >
              <path
                d="M10 6L8.59 7.41 13.17 12l-4.58 4.59L10 18l6-6z"
              />
            </svg>
          </button>
        </li>
      </ul>
    </nav>
  </div>,
]
`;
